2026-05-25 15:17:09,154 INFO __main__ | ⚡️ Bolt app started (Socket Mode), workers=4
2026-05-25 15:17:09,154 DEBUG slack_bolt.AsyncApp | Sending a request - url: POST https://slack.com/api/apps.connections.open, params: {}, files: {}, data: {}, json: {}, proxy: {}, headers: {'Content-Type': 'application/x-www-form-urlencoded', 'Authorization': '(redacted)', 'User-Agent': 'Bolt-Async/1.28.0 Python/3.11.15 slackclient/3.42.0 Darwin/25.0.0'}
2026-05-25 15:17:09,155 INFO agentic.worker | worker 0 started
2026-05-25 15:17:09,155 INFO agentic.worker | worker 1 started
2026-05-25 15:17:09,155 INFO agentic.worker | worker 2 started
2026-05-25 15:17:09,155 INFO agentic.worker | worker 3 started
2026-05-25 15:17:09,157 INFO slack_bolt.AsyncApp | A retry handler found: AsyncConnectionErrorRetryHandler for POST https://slack.com/api/apps.connections.open - Cannot connect to host slack.com:443 ssl:default [nodename nor servname provided, or not known]
2026-05-25 15:18:59,345 INFO __main__ | ⚡️ Bolt app started (Socket Mode), workers=4
2026-05-25 15:18:59,345 DEBUG slack_bolt.AsyncApp | Sending a request - url: POST https://slack.com/api/apps.connections.open, params: {}, files: {}, data: {}, json: {}, proxy: {}, headers: {'Content-Type': 'application/x-www-form-urlencoded', 'Authorization': '(redacted)', 'User-Agent': 'Bolt-Async/1.28.0 Python/3.11.15 slackclient/3.42.0 Darwin/25.0.0'}
2026-05-25 15:18:59,345 INFO agentic.worker | worker 0 started
2026-05-25 15:18:59,345 INFO agentic.worker | worker 1 started
2026-05-25 15:18:59,345 INFO agentic.worker | worker 2 started
2026-05-25 15:18:59,345 INFO agentic.worker | worker 3 started
2026-05-25 15:18:59,681 DEBUG slack_bolt.AsyncApp | Received the following response - status: 200, headers: {'Date': 'Mon, 25 May 2026 08:18:59 GMT', 'Server': 'Apache', 'Vary': 'Accept-Encoding', 'x-slack-req-id': '720b82f5f8ac09870f491700b76830de', 'x-content-type-options': 'nosniff', 'x-xss-protection': '0', 'x-robots-tag': 'noindex,nofollow', 'Pragma': 'no-cache', 'Cache-Control': 'private, no-cache, no-store, must-revalidate', 'Expires': 'Sat, 26 Jul 1997 05:00:00 GMT', 'Content-Type': 'application/json; charset=utf-8', 'x-accepted-oauth-scopes': 'connections:write', 'x-oauth-scopes': 'connections:write', 'Access-Control-Expose-Headers': 'x-slack-req-id, retry-after', 'Access-Control-Allow-Headers': 'slack-route, x-slack-version-ts, x-b3-traceid, x-b3-spanid, x-b3-parentspanid, x-b3-sampled, x-b3-flags, x-background', 'strict-transport-security': 'max-age=31536000; includeSubDomains; preload', 'referrer-policy': 'no-referrer', 'x-slack-unique-id': 'ahQF86Y_AegTxYg01DkSJgAAAAk', 'Access-Control-Allow-Origin': '*', 'Via': '1.1 slack-prod.tinyspeck.com, envoy-www-iad-iypivdjg,envoy-edge-sin-xtvvfxui', 'Content-Encoding': 'gzip', 'Content-Length': '165', 'x-envoy-upstream-service-time': '242', 'x-backend': 'api_normal', 'x-server': 'slack-www-hhvm-api-iad-gciwe44emjhj', 'x-slack-shared-secret-outcome': 'no-match', 'x-edge-backend': 'envoy-www', 'timing-allow-origin': '*', 'alt-svc': 'h3=":443"; ma=2592000, h3-29=":443"; ma=2592000, quic=":443"; ma=2592000', 'x-slack-edge-shared-secret-outcome': 'no-match'}, body: {'ok': True, 'url': 'wss://wss-primary.slack.com/link/?ticket=d23c132c-a28e-4388-b1d3-17a9f5c9d110&app_id=b662946ab98a96fb43e122faa4e2cb9b91ff1fbc6873c04c87721f708bb5b8e5'}
2026-05-25 15:22:19,030 INFO __main__ | ⚡️ Bolt app started (Socket Mode), workers=4
2026-05-25 15:22:19,031 DEBUG slack_bolt.AsyncApp | Sending a request - url: POST https://slack.com/api/apps.connections.open, params: {}, files: {}, data: {}, json: {}, proxy: {}, headers: {'Content-Type': 'application/x-www-form-urlencoded', 'Authorization': '(redacted)', 'User-Agent': 'Bolt-Async/1.28.0 Python/3.11.15 slackclient/3.42.0 Darwin/25.0.0'}
2026-05-25 15:22:19,031 INFO agentic.worker | worker 0 started
2026-05-25 15:22:19,031 INFO agentic.worker | worker 1 started
2026-05-25 15:22:19,031 INFO agentic.worker | worker 2 started
2026-05-25 15:22:19,031 INFO agentic.worker | worker 3 started
2026-05-25 15:22:19,349 DEBUG slack_bolt.AsyncApp | Received the following response - status: 200, headers: {'Date': 'Mon, 25 May 2026 08:22:19 GMT', 'Server': 'Apache', 'Vary': 'Accept-Encoding', 'x-slack-req-id': 'aede27ee863bb166103903e09c2e69a7', 'x-content-type-options': 'nosniff', 'x-xss-protection': '0', 'x-robots-tag': 'noindex,nofollow', 'Pragma': 'no-cache', 'Cache-Control': 'private, no-cache, no-store, must-revalidate', 'Expires': 'Sat, 26 Jul 1997 05:00:00 GMT', 'Content-Type': 'application/json; charset=utf-8', 'x-accepted-oauth-scopes': 'connections:write', 'x-oauth-scopes': 'connections:write', 'Access-Control-Expose-Headers': 'x-slack-req-id, retry-after', 'Access-Control-Allow-Headers': 'slack-route, x-slack-version-ts, x-b3-traceid, x-b3-spanid, x-b3-parentspanid, x-b3-sampled, x-b3-flags, x-background', 'strict-transport-security': 'max-age=31536000; includeSubDomains; preload', 'referrer-policy': 'no-referrer', 'x-slack-unique-id': 'ahQGu0WeH55QkUOYBvKJ3gAAAA8', 'Access-Control-Allow-Origin': '*', 'Via': '1.1 slack-prod.tinyspeck.com, envoy-www-iad-msgghlty,envoy-edge-sin-rffreqak', 'Content-Encoding': 'gzip', 'Content-Length': '165', 'x-envoy-upstream-service-time': '227', 'x-backend': 'api_normal', 'x-server': 'slack-www-hhvm-api-iad-6row3x984hrb', 'x-slack-shared-secret-outcome': 'no-match', 'x-edge-backend': 'envoy-www', 'timing-allow-origin': '*', 'alt-svc': 'h3=":443"; ma=2592000, h3-29=":443"; ma=2592000, quic=":443"; ma=2592000', 'x-slack-edge-shared-secret-outcome': 'no-match'}, body: {'ok': True, 'url': 'wss://wss-primary.slack.com/link/?ticket=08e39be0-108a-4b47-9dfc-cee71a8ddd1b&app_id=b662946ab98a96fb43e122faa4e2cb9b91ff1fbc6873c04c87721f708bb5b8e5'}
2026-05-25 15:23:26,217 INFO __main__ | ⚡️ Bolt app started (Socket Mode), workers=4
2026-05-25 15:23:26,218 DEBUG slack_bolt.AsyncApp | Sending a request - url: POST https://slack.com/api/apps.connections.open, params: {}, files: {}, data: {}, json: {}, proxy: {}, headers: {'Content-Type': 'application/x-www-form-urlencoded', 'Authorization': '(redacted)', 'User-Agent': 'Bolt-Async/1.28.0 Python/3.11.15 slackclient/3.42.0 Darwin/25.0.0'}
2026-05-25 15:23:26,218 INFO agentic.worker | worker 0 started
2026-05-25 15:23:26,218 INFO agentic.worker | worker 1 started
2026-05-25 15:23:26,218 INFO agentic.worker | worker 2 started
2026-05-25 15:23:26,218 INFO agentic.worker | worker 3 started
2026-05-25 15:23:26,597 DEBUG slack_bolt.AsyncApp | Received the following response - status: 200, headers: {'Date': 'Mon, 25 May 2026 08:23:26 GMT', 'Server': 'Apache', 'Vary': 'Accept-Encoding', 'x-slack-req-id': '147c2036351131c3f1d381441e53ea95', 'x-content-type-options': 'nosniff', 'x-xss-protection': '0', 'x-robots-tag': 'noindex,nofollow', 'Pragma': 'no-cache', 'Cache-Control': 'private, no-cache, no-store, must-revalidate', 'Expires': 'Sat, 26 Jul 1997 05:00:00 GMT', 'Content-Type': 'application/json; charset=utf-8', 'x-accepted-oauth-scopes': 'connections:write', 'x-oauth-scopes': 'connections:write', 'Access-Control-Expose-Headers': 'x-slack-req-id, retry-after', 'Access-Control-Allow-Headers': 'slack-route, x-slack-version-ts, x-b3-traceid, x-b3-spanid, x-b3-parentspanid, x-b3-sampled, x-b3-flags, x-background', 'strict-transport-security': 'max-age=31536000; includeSubDomains; preload', 'referrer-policy': 'no-referrer', 'x-slack-unique-id': 'ahQG_gi6O_sMmjc3Ub9f2AAAADc', 'Access-Control-Allow-Origin': '*', 'Via': '1.1 slack-prod.tinyspeck.com, envoy-www-iad-xanqbgqf,envoy-edge-sin-guhdvpdw', 'Content-Encoding': 'gzip', 'Content-Length': '164', 'x-envoy-upstream-service-time': '243', 'x-backend': 'api_normal', 'x-server': 'slack-www-hhvm-api-iad-5o0hdadllc3v', 'x-slack-shared-secret-outcome': 'no-match', 'x-edge-backend': 'envoy-www', 'timing-allow-origin': '*', 'alt-svc': 'h3=":443"; ma=2592000, h3-29=":443"; ma=2592000, quic=":443"; ma=2592000', 'x-slack-edge-shared-secret-outcome': 'no-match'}, body: {'ok': True, 'url': 'wss://wss-primary.slack.com/link/?ticket=04d71a87-149c-4e60-aedb-f45e7ecb2350&app_id=b662946ab98a96fb43e122faa4e2cb9b91ff1fbc6873c04c87721f708bb5b8e5'}
